
> lab-management-system@1.0.0 build
> vite build

[36mvite v7.3.1 [32mbuilding client environment for production...[36m[39m
transforming...
[32mΓ£ô[39m 27 modules transformed.
node.exe : [31mΓ£ù[39m 
Build failed in 2.81s
At line:1 char:1
+ & "C:\Program 
Files\nodejs/node.exe" 
"C:\Program 
Files\nodejs/node_mo ...
+ ~~~~~~~~~~~~~~~~~~~~~~~~~~~
~~~~~~~~~~~~~~~~~~~~~~~~~~~~~
~~~~~~~~~~~~~
    + CategoryInfo           
   : NotSpecified: ([31mΓ£  
  ù[39m Build failed in 2   
 .81s:String) [], RemoteE    
xception
    + FullyQualifiedErrorId  
   : NativeCommandError
 
[31merror during build:
[31m[vite:esbuild] 
Transform failed with 1 
error:
D:/LMS Final/AI_Digital_LMS/s
rc/pages/lab/management/Dashb
oard.jsx:1641:0: ERROR: 
Unexpected end of file 
before a closing "div" 
tag[31m
file: [36mD:/LMS Final/AI_Di
gital_LMS/src/pages/lab/manag
ement/Dashboard.jsx:1641:0[3
1m
[33m
[33mUnexpected end of file 
before a closing "div" 
tag[33m
1639 |  
1640 |  export default 
LabManagementDashboard
1641 |  
     |  ^
[31m
    at failureErrorWithLog 
(D:\LMS Final\AI_Digital_LMS\
node_modules\esbuild\lib\main
.js:1467:15)
    at D:\LMS Final\AI_Digita
l_LMS\node_modules\esbuild\li
b\main.js:736:50
    at 
responseCallbacks.<computed> 
(D:\LMS Final\AI_Digital_LMS\
node_modules\esbuild\lib\main
.js:603:9)
    at handleIncomingPacket 
(D:\LMS Final\AI_Digital_LMS\
node_modules\esbuild\lib\main
.js:658:12)
    at Socket.readFromStdout 
(D:\LMS Final\AI_Digital_LMS\
node_modules\esbuild\lib\main
.js:581:7)
    at Socket.emit 
(node:events:508:28)
    at addChunk (node:interna
l/streams/readable:559:12)
    at 
readableAddChunkPushByteMode 
(node:internal/streams/readab
le:510:3)
    at Readable.push (node:in
ternal/streams/readable:390:5
)
    at Pipe.onStreamRead (nod
e:internal/stream_base_common
s:189:23)[39m
